  [Q=1] seed 'hedgehog d=1'  (N=80, L=12.0, h=0.1500)
       200  E=   545.2560  E2/E4= 0.86282  Q=+0.99673  |g|inf=9.303e+00  dE/E=2.83e-05  [  85.0s]
       400  E=   543.7965  E2/E4= 0.85112  Q=+0.99665  |g|inf=1.077e+01  dE/E=8.51e-06  [ 170.1s]
       600  E=   543.2365  E2/E4= 0.85950  Q=+0.99671  |g|inf=1.138e+01  dE/E=5.96e-06  [ 255.6s]
       800  E=   542.9490  E2/E4= 0.86883  Q=+0.99677  |g|inf=3.792e+00  dE/E=2.70e-06  [ 342.7s]
      1000  E=   542.7851  E2/E4= 0.87690  Q=+0.99683  |g|inf=2.970e+00  dE/E=1.12e-06  [ 431.0s]
      1200  E=   542.6987  E2/E4= 0.88271  Q=+0.99686  |g|inf=3.364e+00  dE/E=8.80e-07  [ 518.3s]
      1400  E=   542.6457  E2/E4= 0.88735  Q=+0.99689  |g|inf=1.231e+00  dE/E=3.98e-07  [ 605.2s]
    -> E=542.646  E/bound=1.3249  Q=+0.9969  virial=0.8873  R=1.705
  [Q=1] done, 607s elapsed

  [Q=2] seed 'hedgehog d=2'  (N=80, L=12.0, h=0.1500)
       200  E=   886.8645  E2/E4= 0.95651  Q=+1.99672  |g|inf=2.173e+01  dE/E=3.25e-05  [  88.0s]
       400  E=   884.9644  E2/E4= 0.93438  Q=+1.99659  |g|inf=5.119e+00  dE/E=4.26e-06  [ 181.5s]
       600  E=   884.5436  E2/E4= 0.93424  Q=+1.99659  |g|inf=5.094e+00  dE/E=1.71e-06  [ 275.0s]
       800  E=   884.3577  E2/E4= 0.93831  Q=+1.99662  |g|inf=1.385e+00  dE/E=3.94e-07  [ 367.7s]
      1000  E=   884.2526  E2/E4= 0.94296  Q=+1.99665  |g|inf=1.143e+00  dE/E=5.12e-07  [ 460.5s]
      1200  E=   884.1955  E2/E4= 0.94676  Q=+1.99667  |g|inf=1.117e+00  dE/E=2.71e-07  [ 554.5s]
      1400  E=   884.1549  E2/E4= 0.95038  Q=+1.99670  |g|inf=3.772e-01  dE/E=1.70e-07  [ 641.3s]
    -> E=884.155  E/bound=2.1587  Q=+1.9967  virial=0.9504  R=2.089
  [Q=2] seed 'A_1,2'  (N=80, L=12.0, h=0.1500)
       200  E=  1085.5093  E2/E4= 0.92018  Q=-1.99203  |g|inf=6.506e+01  dE/E=8.05e-04  [  84.2s]
       400  E=  1023.7211  E2/E4= 0.86118  Q=-1.99154  |g|inf=3.788e+01  dE/E=1.44e-04  [ 169.6s]
       600  E=  1012.9475  E2/E4= 0.84534  Q=-1.99150  |g|inf=2.514e+01  dE/E=1.31e-05  [ 254.3s]
       800  E=  1009.8818  E2/E4= 0.84472  Q=-1.99157  |g|inf=1.554e+01  dE/E=8.14e-06  [ 338.0s]
      1000  E=  1008.3481  E2/E4= 0.84897  Q=-1.99167  |g|inf=7.891e+00  dE/E=7.10e-06  [ 422.4s]
      1200  E=  1007.4154  E2/E4= 0.85554  Q=-1.99178  |g|inf=8.021e+00  dE/E=3.26e-06  [ 517.5s]
      1400  E=  1006.9313  E2/E4= 0.86115  Q=-1.99186  |g|inf=6.161e+00  dE/E=6.31e-07  [ 640.0s]
    -> E=1006.931  E/bound=2.4585  Q=-1.9919  virial=0.8612  R=2.021
  [Q=2] seed 'A_2,1'  (N=80, L=12.0, h=0.1500)
       200  E=   888.8993  E2/E4= 0.96149  Q=-1.99690  |g|inf=5.997e+00  dE/E=7.67e-06  [ 123.2s]
       400  E=   885.5343  E2/E4= 0.93330  Q=-1.99662  |g|inf=1.159e+01  dE/E=7.21e-06  [ 246.4s]
       600  E=   884.8346  E2/E4= 0.93066  Q=-1.99657  |g|inf=5.715e+00  dE/E=2.44e-06  [ 370.4s]
       800  E=   884.5237  E2/E4= 0.93364  Q=-1.99659  |g|inf=5.676e+00  dE/E=1.39e-06  [ 494.0s]
      1000  E=   884.3584  E2/E4= 0.93789  Q=-1.99661  |g|inf=5.963e+00  dE/E=8.01e-07  [ 616.8s]
      1200  E=   884.2603  E2/E4= 0.94211  Q=-1.99664  |g|inf=5.832e+00  dE/E=5.29e-07  [ 739.7s]
      1400  E=   884.1996  E2/E4= 0.94581  Q=-1.99667  |g|inf=1.277e+00  dE/E=2.79e-07  [ 861.7s]
    -> E=884.200  E/bound=2.1588  Q=-1.9967  virial=0.9458  R=2.082
  [Q=2] done, 2754s elapsed

  [Q=3] seed 'hedgehog d=3'  (N=80, L=12.0, h=0.1500)
       200  E=  1251.8754  E2/E4= 0.95671  Q=+2.99565  |g|inf=2.477e+01  dE/E=2.73e-05  [ 122.2s]
       400  E=  1249.6950  E2/E4= 0.94324  Q=+2.99566  |g|inf=2.836e+00  dE/E=2.56e-06  [ 245.4s]
       600  E=  1249.3322  E2/E4= 0.94406  Q=+2.99568  |g|inf=2.424e+00  dE/E=9.02e-07  [ 367.9s]
       800  E=  1249.0905  E2/E4= 0.94705  Q=+2.99571  |g|inf=2.634e+00  dE/E=1.09e-06  [ 490.2s]
      1000  E=  1248.6643  E2/E4= 0.95083  Q=+2.99574  |g|inf=1.552e+00  dE/E=1.66e-06  [ 612.2s]
      1200  E=  1248.1161  E2/E4= 0.95324  Q=+2.99576  |g|inf=2.917e+00  dE/E=2.76e-06  [ 735.1s]
      1400  E=  1247.3026  E2/E4= 0.95493  Q=+2.99577  |g|inf=1.727e+00  dE/E=3.88e-06  [ 856.0s]
    -> E=1247.303  E/bound=3.0453  Q=+2.9958  virial=0.9549  R=2.489
  [Q=3] seed 'A_1,3'  (N=80, L=12.0, h=0.1500)
       200  E=  2003.5843  E2/E4= 1.13810  Q=-2.99067  |g|inf=5.966e+01  dE/E=1.51e-03  [ 120.6s]
       400  E=  1672.6097  E2/E4= 0.99892  Q=-2.98709  |g|inf=2.803e+01  dE/E=6.90e-04  [ 242.1s]
       600  E=  1546.5249  E2/E4= 0.93671  Q=-2.98734  |g|inf=7.100e+01  dE/E=2.06e-04  [ 361.9s]
       800  E=  1509.6601  E2/E4= 0.89851  Q=-2.98735  |g|inf=5.968e+01  dE/E=8.48e-05  [ 481.6s]
      1000  E=  1494.0795  E2/E4= 0.87877  Q=-2.98736  |g|inf=6.925e+01  dE/E=3.62e-05  [ 601.3s]
      1200  E=  1485.3945  E2/E4= 0.87002  Q=-2.98739  |g|inf=2.188e+01  dE/E=1.65e-05  [ 722.5s]
      1400  E=  1478.8927  E2/E4= 0.86924  Q=-2.98736  |g|inf=1.477e+01  dE/E=1.38e-05  [ 842.2s]
    -> E=1478.893  E/bound=3.6108  Q=-2.9874  virial=0.8692  R=2.416
  [Q=3] seed 'A_3,1'  (N=80, L=12.0, h=0.1500)
       200  E=  1251.7693  E2/E4= 0.95195  Q=-2.99585  |g|inf=5.651e+00  dE/E=1.95e-05  [ 119.7s]
       400  E=  1250.0347  E2/E4= 0.94356  Q=-2.99572  |g|inf=5.148e+00  dE/E=3.50e-06  [ 239.8s]
       600  E=  1249.5079  E2/E4= 0.94405  Q=-2.99570  |g|inf=4.826e+00  dE/E=1.41e-06  [ 359.5s]
       800  E=  1249.2355  E2/E4= 0.94658  Q=-2.99572  |g|inf=3.535e+00  dE/E=9.24e-07  [ 479.7s]
      1000  E=  1249.0081  E2/E4= 0.94892  Q=-2.99573  |g|inf=3.192e+00  dE/E=1.01e-06  [ 600.8s]
      1200  E=  1248.7251  E2/E4= 0.95102  Q=-2.99575  |g|inf=3.025e+00  dE/E=1.32e-06  [ 721.1s]
      1400  E=  1248.3378  E2/E4= 0.95283  Q=-2.99576  |g|inf=2.349e+00  dE/E=1.84e-06  [ 841.2s]
    -> E=1248.338  E/bound=3.0479  Q=-2.9958  virial=0.9528  R=2.487
  [Q=3] done, 5299s elapsed

  [Q=4] seed 'hedgehog d=4'  (N=80, L=12.0, h=0.1500)
       200  E=  1632.0814  E2/E4= 0.91833  Q=+3.99376  |g|inf=2.691e+01  dE/E=7.14e-05  [ 120.3s]
       400  E=  1626.2342  E2/E4= 0.90976  Q=+3.99406  |g|inf=3.729e+00  dE/E=6.06e-06  [ 241.4s]
       600  E=  1625.4461  E2/E4= 0.92356  Q=+3.99431  |g|inf=3.477e+00  dE/E=1.28e-06  [ 361.7s]
       800  E=  1625.0285  E2/E4= 0.93156  Q=+3.99443  |g|inf=2.055e+00  dE/E=1.33e-06  [ 481.6s]
      1000  E=  1624.4796  E2/E4= 0.93846  Q=+3.99452  |g|inf=3.216e+00  dE/E=1.85e-06  [ 601.8s]
      1200  E=  1623.4243  E2/E4= 0.94528  Q=+3.99460  |g|inf=2.266e+00  dE/E=5.16e-06  [ 697.5s]
      1400  E=  1621.6493  E2/E4= 0.95076  Q=+3.99466  |g|inf=2.775e+00  dE/E=7.29e-06  [ 809.8s]
    -> E=1621.649  E/bound=3.9593  Q=+3.9947  virial=0.9508  R=2.944
  [Q=4] seed 'A_1,4'  (N=80, L=12.0, h=0.1500)
       200  E=  3373.0125  E2/E4= 1.11733  Q=-3.98757  |g|inf=3.732e+01  dE/E=2.83e-03  [ 119.7s]
       400  E=  2571.4578  E2/E4= 1.03547  Q=-3.98049  |g|inf=5.262e+01  dE/E=1.16e-03  [ 239.3s]
       600  E=  2237.4235  E2/E4= 0.98763  Q=-3.98055  |g|inf=4.352e+01  dE/E=7.46e-04  [ 359.7s]
       800  E=  2068.5957  E2/E4= 0.92358  Q=-3.98091  |g|inf=5.875e+01  dE/E=2.69e-04  [ 479.0s]
      1000  E=  1986.5450  E2/E4= 0.88611  Q=-3.98124  |g|inf=4.503e+01  dE/E=1.44e-04  [ 599.3s]
      1200  E=  1934.9911  E2/E4= 0.88277  Q=-3.98165  |g|inf=2.634e+01  dE/E=1.23e-04  [ 720.6s]
      1400  E=  1898.8854  E2/E4= 0.88278  Q=-3.98178  |g|inf=2.971e+01  dE/E=6.21e-05  [ 841.0s]
    -> E=1898.885  E/bound=4.6362  Q=-3.9818  virial=0.8828  R=2.580
  [Q=4] seed 'A_4,1'  (N=80, L=12.0, h=0.1500)
       200  E=  1626.8076  E2/E4= 0.91388  Q=-3.99421  |g|inf=1.140e+01  dE/E=1.74e-05  [ 120.1s]
       400  E=  1625.7376  E2/E4= 0.92454  Q=-3.99435  |g|inf=3.286e+00  dE/E=1.20e-06  [ 240.3s]
       600  E=  1625.2870  E2/E4= 0.93469  Q=-3.99448  |g|inf=2.644e+00  dE/E=1.00e-06  [ 360.3s]
       800  E=  1624.9465  E2/E4= 0.94062  Q=-3.99456  |g|inf=2.213e+00  dE/E=1.15e-06  [ 480.0s]
      1000  E=  1624.4783  E2/E4= 0.94543  Q=-3.99462  |g|inf=1.844e+00  dE/E=1.71e-06  [ 600.1s]
      1200  E=  1623.6491  E2/E4= 0.94983  Q=-3.99467  |g|inf=1.288e+00  dE/E=4.37e-06  [ 720.7s]
      1400  E=  1621.8210  E2/E4= 0.95449  Q=-3.99471  |g|inf=1.371e+00  dE/E=8.54e-06  [ 840.8s]
    -> E=1621.821  E/bound=3.9597  Q=-3.9947  virial=0.9545  R=2.953
  [Q=4] seed 'A_2,2'  (N=80, L=12.0, h=0.1500)
       200  E=  1620.4284  E2/E4= 0.99186  Q=-3.99141  |g|inf=4.145e+01  dE/E=3.38e-04  [ 119.7s]
       400  E=  1577.9559  E2/E4= 0.97460  Q=-3.99014  |g|inf=4.278e+01  dE/E=4.96e-05  [ 239.9s]
       600  E=  1569.3730  E2/E4= 0.96325  Q=-3.98952  |g|inf=2.449e+01  dE/E=1.13e-05  [ 334.0s]
       800  E=  1566.1907  E2/E4= 0.95735  Q=-3.98915  |g|inf=3.017e+01  dE/E=5.70e-06  [ 418.1s]
      1000  E=  1564.6639  E2/E4= 0.95482  Q=-3.98893  |g|inf=7.095e+00  dE/E=4.15e-06  [ 503.1s]
      1200  E=  1563.7564  E2/E4= 0.95446  Q=-3.98880  |g|inf=3.081e+00  dE/E=2.15e-06  [ 587.8s]
      1400  E=  1563.2445  E2/E4= 0.95570  Q=-3.98875  |g|inf=3.019e+00  dE/E=1.21e-06  [ 671.9s]
    -> E=1563.244  E/bound=3.8167  Q=-3.9887  virial=0.9557  R=2.331
  [Q=4] done, 8470s elapsed

== resolution study, Q = 1 ==
  N=  56 h=0.2143  E=  532.263  E/bound=1.2995  Q=+0.9830  virial=0.8149  [8587s]
  N=  72 h=0.1667  E=  540.559  E/bound=1.3198  Q=+0.9950  virial=0.8667  [8862s]
  N=  88 h=0.1364  E=  544.749  E/bound=1.3300  Q=+0.9978  virial=0.8700  [9375s]
  N= 104 h=0.1154  E=  546.800  E/bound=1.3350  Q=+0.9990  virial=0.9053  [10232s]

written to F:\Resonant-Topology\results\static_solitons.json  (10232s total)
